```json
[
  {
    "file": "src/checksum.rs",
    "line": 5,
    "category": "default-mismatch",
    "severity": "critical",
    "title": "CRC-16 initial value is 0x0000 but INTENT P1 requires 0xFFFF, so every checksum is wrong versus a compliant peer."
  },
  {
    "file": "src/frame.rs",
    "line": 11,
    "category": "default-mismatch",
    "severity": "high",
    "title": "MAX_PAYLOAD is 65536 but INTENT P2 caps payload at 65535; encode and parse both accept a payload one byte over the limit."
  },
  {
    "file": "src/buffer.rs",
    "line": 27,
    "category": "unchecked-arithmetic",
    "severity": "medium",
    "title": "feed computes self.available() + chunk.len() without overflow checking; on 32-bit a large chunk can wrap the sum past HIGH_WATER, bypassing the P3 backpressure bound."
  },
  {
    "file": "src/buffer.rs",
    "line": 41,
    "category": "missing-bounds-check",
    "severity": "medium",
    "title": "Public consume accepts values larger than the unread region; read_pos can overflow or advance past the end, breaking subsequent peek and available calls."
  },
  {
    "file": "src/buffer.rs",
    "line": 42,
    "category": "resource-leak",
    "severity": "high",
    "title": "Consumed prefixes are retained whenever one unread byte remains, allowing repeated next_frame use to grow the allocation without bound."
  },
  {
    "file": "src/parse.rs",
    "line": 43,
    "category": "missing-bounds-check",
    "severity": "critical",
    "title": "next_frame computes frame_len then slices payload and trailer without verifying data.len() >= frame_len, panicking on any partial frame."
  },
  {
    "file": "src/parse.rs",
    "line": 49,
    "category": "invariant-violation",
    "severity": "medium",
    "title": "On checksum failure next_frame consumes frame_len instead of resynchronizing at the next magic sequence as P4 requires, so a corrupted length field skips past valid frames."
  },
  {
    "file": "src/parse.rs",
    "line": 50,
    "category": "error-swallowed",
    "severity": "critical",
    "title": "Checksum failure returns Ok(None) instead of Err(FrameError::Corrupt), silently dropping malformed input in direct violation of P4."
  },
  {
    "file": "src/parse.rs",
    "line": 65,
    "category": "unchecked-arithmetic",
    "severity": "high",
    "title": "drain does budget -= consumed without underflow checking; a reentrant handler that feeds new bytes can make consumed exceed budget, panicking in debug or wrapping in release."
  },
  {
    "file": "src/parse.rs",
    "line": 68,
    "category": "error-swallowed",
    "severity": "high",
    "title": "drain discards every parsing error even though malformed frames must surface FrameError to the caller."
  },
  {
    "file": "src/parse.rs",
    "line": 95,
    "category": "invariant-violation",
    "severity": "medium",
    "title": "resync returns data.len() when no magic is found, consuming a trailing 0xA5 that could be the first byte of a split magic sequence, violating P6 preservation of partial frames."
  }
]
```
