```json
[
  {
    "file": "src/evict.rs",
    "line": 8,
    "category": "logic-inversion",
    "severity": "high",
    "title": "Eviction pops the most-recently-used key instead of the least-recently-used key."
  },
  {
    "file": "src/clock.rs",
    "line": 25,
    "category": "invariant-violation",
    "severity": "high",
    "title": "Clock reads reuse a cached timestamp for eight calls despite A2 requiring a fresh time read for every expiry decision."
  },
  {
    "file": "src/cache.rs",
    "line": 116,
    "category": "missing-validation",
    "severity": "high",
    "title": "Handle lookup never validates the handle generation against the entry generation, so pre-clear handles resolve reinserted keys."
  },
  {
    "file": "src/cache.rs",
    "line": 100,
    "category": "invariant-violation",
    "severity": "high",
    "title": "Key lookup records a hit before checking expiration, causing expired entries to count as hits rather than misses."
  },
  {
    "file": "src/evict.rs",
    "line": 16,
    "category": "resource-leak",
    "severity": "high",
    "title": "Every eviction appends a tombstone that normal cache operations never drain, allowing bookkeeping memory to grow without bound."
  },
  {
    "file": "src/cache.rs",
    "line": 85,
    "category": "invariant-violation",
    "severity": "medium",
    "title": "Replacing an existing entry leaves it in its old recency position instead of marking the replacement as most recently used."
  },
  {
    "file": "src/cache.rs",
    "line": 73,
    "category": "unchecked-arithmetic",
    "severity": "high",
    "title": "Adding the TTL to the current timestamp can overflow, producing an invalid deadline or panicking."
  },
  {
    "file": "src/cache.rs",
    "line": 147,
    "category": "unchecked-arithmetic",
    "severity": "low",
    "title": "The generation counter can overflow, panic, or wrap back to a generation held by an old handle."
  },
  {
    "file": "src/stats.rs",
    "line": 12,
    "category": "unchecked-arithmetic",
    "severity": "low",
    "title": "The hit counter can overflow, violating the lookup-count invariant or panicking."
  },
  {
    "file": "src/stats.rs",
    "line": 16,
    "category": "unchecked-arithmetic",
    "severity": "low",
    "title": "The miss counter can overflow, violating the lookup-count invariant or panicking."
  },
  {
    "file": "src/stats.rs",
    "line": 21,
    "category": "unchecked-arithmetic",
    "severity": "low",
    "title": "Hit-rate calculation can overflow while summing individually valid hit and miss counters."
  }
]
```
